int 1000000 range22 asc verified
int 1000000 range22 desc verified
int 1000000 fullWidth asc verified
int 1000000 fullWidth desc verified
int 1000000 fewValues asc verified
int 1000000 fewValues desc verified
int 1000000 gaps asc verified
int 1000000 gaps desc verified
int 1000000 ascending asc verified
int 1000000 ascending desc verified
int 1000000 descending asc verified
int 1000000 descending desc verified
int 1000000 nearly asc verified
int 1000000 nearly desc verified
int 128 fullWidth asc verified
int 512 fullWidth asc verified
int 4096 fullWidth asc verified
longLong 1000000 range22 asc verified
longLong 1000000 range22 desc verified
longLong 1000000 fullWidth asc verified
longLong 1000000 fullWidth desc verified
longLong 1000000 fewValues asc verified
longLong 1000000 fewValues desc verified
longLong 1000000 gaps asc verified
longLong 1000000 gaps desc verified
longLong 1000000 ascending asc verified
longLong 1000000 ascending desc verified
longLong 1000000 descending asc verified
longLong 1000000 descending desc verified
longLong 1000000 nearly asc verified
longLong 1000000 nearly desc verified
longLong 128 fullWidth asc verified
longLong 512 fullWidth asc verified
longLong 4096 fullWidth asc verified
int 2000000 range22 asc verified
int 2000000 fullWidth asc verified
