random 0 fixed verified
random 0 reserved verified
random 0 automatic verified
random 1 automatic verified
random 1 fixed verified
random 1 reserved verified
random 2 reserved verified
random 2 automatic verified
random 2 fixed verified
random 3 fixed verified
random 3 reserved verified
random 3 automatic verified
random 4 reserved verified
random 4 automatic verified
random 4 fixed verified
random 5 reserved verified
random 5 automatic verified
random 5 fixed verified
random 6 reserved verified
random 6 fixed verified
random 6 automatic verified
random 7 automatic verified
random 7 fixed verified
random 7 reserved verified
ascending 0 fixed verified
ascending 0 reserved verified
ascending 0 automatic verified
ascending 1 automatic verified
ascending 1 reserved verified
ascending 1 fixed verified
ascending 2 fixed verified
ascending 2 automatic verified
ascending 2 reserved verified
ascending 3 reserved verified
ascending 3 fixed verified
ascending 3 automatic verified
ascending 4 automatic verified
ascending 4 reserved verified
ascending 4 fixed verified
ascending 5 automatic verified
ascending 5 fixed verified
ascending 5 reserved verified
ascending 6 reserved verified
ascending 6 automatic verified
ascending 6 fixed verified
ascending 7 reserved verified
ascending 7 automatic verified
ascending 7 fixed verified
