build 0 automatic verified
build 0 fixed verified
build 0 reserved verified
build 0 fixedOnly verified
build 1 reserved verified
build 1 fixed verified
build 1 automatic verified
build 1 fixedOnly verified
build 2 automatic verified
build 2 reserved verified
build 2 fixedOnly verified
build 2 fixed verified
build 3 automatic verified
build 3 fixedOnly verified
build 3 reserved verified
build 3 fixed verified
build 4 automatic verified
build 4 fixed verified
build 4 fixedOnly verified
build 4 reserved verified
build 5 automatic verified
build 5 reserved verified
build 5 fixedOnly verified
build 5 fixed verified
build 6 reserved verified
build 6 fixedOnly verified
build 6 automatic verified
build 6 fixed verified
build 7 fixed verified
build 7 reserved verified
build 7 fixedOnly verified
build 7 automatic verified
containsHit 0 reserved verified
containsHit 0 fixedOnly verified
containsHit 0 fixed verified
containsHit 0 automatic verified
containsHit 1 automatic verified
containsHit 1 fixed verified
containsHit 1 fixedOnly verified
containsHit 1 reserved verified
containsHit 2 automatic verified
containsHit 2 reserved verified
containsHit 2 fixedOnly verified
containsHit 2 fixed verified
containsHit 3 fixed verified
containsHit 3 reserved verified
containsHit 3 automatic verified
containsHit 3 fixedOnly verified
containsHit 4 fixed verified
containsHit 4 fixedOnly verified
containsHit 4 reserved verified
containsHit 4 automatic verified
containsHit 5 fixed verified
containsHit 5 fixedOnly verified
containsHit 5 reserved verified
containsHit 5 automatic verified
containsHit 6 fixed verified
containsHit 6 fixedOnly verified
containsHit 6 automatic verified
containsHit 6 reserved verified
containsHit 7 reserved verified
containsHit 7 fixedOnly verified
containsHit 7 fixed verified
containsHit 7 automatic verified
updateMixed 0 fixedOnly verified
updateMixed 0 reserved verified
updateMixed 0 automatic verified
updateMixed 0 fixed verified
updateMixed 1 fixed verified
updateMixed 1 reserved verified
updateMixed 1 fixedOnly verified
updateMixed 1 automatic verified
updateMixed 2 fixedOnly verified
updateMixed 2 reserved verified
updateMixed 2 fixed verified
updateMixed 2 automatic verified
updateMixed 3 fixed verified
updateMixed 3 automatic verified
updateMixed 3 reserved verified
updateMixed 3 fixedOnly verified
updateMixed 4 fixedOnly verified
updateMixed 4 automatic verified
updateMixed 4 fixed verified
updateMixed 4 reserved verified
updateMixed 5 automatic verified
updateMixed 5 reserved verified
updateMixed 5 fixed verified
updateMixed 5 fixedOnly verified
updateMixed 6 fixedOnly verified
updateMixed 6 fixed verified
updateMixed 6 automatic verified
updateMixed 6 reserved verified
updateMixed 7 fixedOnly verified
updateMixed 7 automatic verified
updateMixed 7 fixed verified
updateMixed 7 reserved verified
