int 16 positive22 verified
int 16 signed16 verified
int 16 full verified
int 16 few verified
int 16 reverse verified
int 64 positive22 verified
int 64 signed16 verified
int 64 full verified
int 64 few verified
int 64 reverse verified
int 256 positive22 verified
int 256 signed16 verified
int 256 full verified
int 256 few verified
int 256 reverse verified
int 512 positive22 verified
int 512 signed16 verified
int 512 full verified
int 512 few verified
int 512 reverse verified
int 1024 positive22 verified
int 1024 signed16 verified
int 1024 full verified
int 1024 few verified
int 1024 reverse verified
int 2048 positive22 verified
int 2048 signed16 verified
int 2048 full verified
int 2048 few verified
int 2048 reverse verified
int 4096 positive22 verified
int 4096 signed16 verified
int 4096 full verified
int 4096 few verified
int 4096 reverse verified
int 16384 positive22 verified
int 16384 signed16 verified
int 16384 full verified
int 16384 few verified
int 16384 reverse verified
int 65536 positive22 verified
int 65536 signed16 verified
int 65536 full verified
int 65536 few verified
int 65536 reverse verified
int 1000000 positive22 verified
int 1000000 signed16 verified
int 1000000 full verified
int 1000000 few verified
int 1000000 reverse verified
int 2000000 positive22 verified
int 2000000 signed16 verified
int 2000000 full verified
int 2000000 few verified
int 2000000 reverse verified
longLong 16 positive22 verified
longLong 16 signed16 verified
longLong 16 full verified
longLong 16 few verified
longLong 16 reverse verified
longLong 64 positive22 verified
longLong 64 signed16 verified
longLong 64 full verified
longLong 64 few verified
longLong 64 reverse verified
longLong 256 positive22 verified
longLong 256 signed16 verified
longLong 256 full verified
longLong 256 few verified
longLong 256 reverse verified
longLong 512 positive22 verified
longLong 512 signed16 verified
longLong 512 full verified
longLong 512 few verified
longLong 512 reverse verified
longLong 1024 positive22 verified
longLong 1024 signed16 verified
longLong 1024 full verified
longLong 1024 few verified
longLong 1024 reverse verified
longLong 2048 positive22 verified
longLong 2048 signed16 verified
longLong 2048 full verified
longLong 2048 few verified
longLong 2048 reverse verified
longLong 4096 positive22 verified
longLong 4096 signed16 verified
longLong 4096 full verified
longLong 4096 few verified
longLong 4096 reverse verified
longLong 16384 positive22 verified
longLong 16384 signed16 verified
longLong 16384 full verified
longLong 16384 few verified
longLong 16384 reverse verified
longLong 65536 positive22 verified
longLong 65536 signed16 verified
longLong 65536 full verified
longLong 65536 few verified
longLong 65536 reverse verified
longLong 1000000 positive22 verified
longLong 1000000 signed16 verified
longLong 1000000 full verified
longLong 1000000 few verified
longLong 1000000 reverse verified
longLong 2000000 positive22 verified
longLong 2000000 signed16 verified
longLong 2000000 full verified
longLong 2000000 few verified
longLong 2000000 reverse verified
