build base 0 192.949 verified
build compact 0 190.078 verified
build radix 0 132.345 verified
build index32 0 213.976 verified
build compact 1 206.377 verified
build index32 1 232.555 verified
build radix 1 150.456 verified
build base 1 216.004 verified
build index32 2 229.271 verified
build compact 2 205.253 verified
build base 2 203.181 verified
build radix 2 124.719 verified
build compact 3 201.132 verified
build base 3 198.805 verified
build index32 3 202.561 verified
build radix 3 124.167 verified
build base 4 191.842 verified
build compact 4 189.69 verified
build radix 4 119.307 verified
build index32 4 196.51 verified
build compact 5 189.661 verified
build radix 5 120.405 verified
build index32 5 196.026 verified
build base 5 194.605 verified
updateMixed index32 0 123.495 verified
updateMixed compact 0 109.891 verified
updateMixed radix 0 116.047 verified
updateMixed base 0 119.447 verified
updateMixed radix 1 112.623 verified
updateMixed index32 1 124.38 verified
updateMixed base 1 111.467 verified
updateMixed compact 1 109.62 verified
updateMixed index32 2 122.442 verified
updateMixed compact 2 107.582 verified
updateMixed base 2 110.949 verified
updateMixed radix 2 127.391 verified
updateMixed base 3 141.31 verified
updateMixed compact 3 137.879 verified
updateMixed index32 3 143.716 verified
updateMixed radix 3 116.972 verified
updateMixed index32 4 125.665 verified
updateMixed base 4 115.95 verified
updateMixed radix 4 110.73 verified
updateMixed compact 4 110.622 verified
updateMixed radix 5 111.416 verified
updateMixed compact 5 109.739 verified
updateMixed index32 5 122.659 verified
updateMixed base 5 111.43 verified
containsHit base 0 86.867 verified
containsHit index32 0 95.699 verified
containsHit compact 0 86.176 verified
containsHit radix 0 84.797 verified
containsHit index32 1 91.155 verified
containsHit base 1 84.528 verified
containsHit radix 1 85.8 verified
containsHit compact 1 85.205 verified
containsHit base 2 91.955 verified
containsHit index32 2 97.808 verified
containsHit compact 2 89.964 verified
containsHit radix 2 87.195 verified
containsHit radix 3 85.798 verified
containsHit compact 3 85.558 verified
containsHit base 3 85.547 verified
containsHit index32 3 92.638 verified
containsHit index32 4 92.147 verified
containsHit compact 4 89.008 verified
containsHit radix 4 85.307 verified
containsHit base 4 90.427 verified
containsHit compact 5 93.248 verified
containsHit base 5 92.992 verified
containsHit radix 5 87.323 verified
containsHit index32 5 94.262 verified
