build base 0 230.241 verified
build outlined 0 267.975 verified
build combined 0 237.575 verified
build result 0 230.125 verified
build outlined 1 202.498 verified
build result 1 236.598 verified
build combined 1 224.948 verified
build base 1 213.609 verified
build result 2 234.917 verified
build outlined 2 207.422 verified
build base 2 247.193 verified
build combined 2 224.024 verified
build outlined 3 194 verified
build base 3 224.714 verified
build result 3 231.963 verified
build combined 3 225.339 verified
build base 4 207.964 verified
build outlined 4 207.807 verified
build combined 4 218.53 verified
build result 4 242.776 verified
build outlined 5 197.08 verified
build combined 5 225.251 verified
build result 5 254.237 verified
build base 5 225.731 verified
updateMixed result 0 311.678 verified
updateMixed outlined 0 285.902 verified
updateMixed combined 0 453.392 verified
updateMixed base 0 454.94 verified
updateMixed combined 1 325.665 verified
updateMixed result 1 298.561 verified
updateMixed base 1 293.187 verified
updateMixed outlined 1 289.892 verified
updateMixed result 2 302.256 verified
updateMixed outlined 2 292.005 verified
updateMixed base 2 299.364 verified
updateMixed combined 2 447.236 verified
updateMixed base 3 339.808 verified
updateMixed outlined 3 278.015 verified
updateMixed result 3 310.888 verified
updateMixed combined 3 319.053 verified
updateMixed result 4 318.161 verified
updateMixed base 4 316.603 verified
updateMixed combined 4 468.492 verified
updateMixed outlined 4 282.603 verified
updateMixed combined 5 296.751 verified
updateMixed outlined 5 296.599 verified
updateMixed result 5 314.19 verified
updateMixed base 5 294.026 verified
containsHit base 0 206.086 verified
containsHit result 0 204.309 verified
containsHit outlined 0 198.773 verified
containsHit combined 0 207.638 verified
containsHit result 1 199.089 verified
containsHit base 1 215.488 verified
containsHit combined 1 200.889 verified
containsHit outlined 1 179.58 verified
containsHit base 2 191.29 verified
containsHit result 2 186.78 verified
containsHit outlined 2 343.96 verified
containsHit combined 2 312.125 verified
containsHit combined 3 206.294 verified
containsHit outlined 3 296.067 verified
containsHit base 3 268.114 verified
containsHit result 3 218.671 verified
containsHit result 4 201.937 verified
containsHit outlined 4 195.616 verified
containsHit combined 4 198.765 verified
containsHit base 4 196.293 verified
containsHit outlined 5 195.118 verified
containsHit base 5 195.592 verified
containsHit combined 5 202.759 verified
containsHit result 5 201.876 verified
