Compiling GNU++17, strict C++17 and sanitizer correctness checks
Running GCC GNU++17 correctness checks
PASS: TreeMap/TreeMapOff C++17 differential and regression checks
Running GCC strict C++17 correctness checks
PASS: TreeMap/TreeMapOff C++17 differential and regression checks
Running Clang correctness checks
PASS: TreeMap/TreeMapOff C++17 differential and regression checks
Running ASan/UBSan correctness checks
PASS: TreeMap/TreeMapOff C++17 differential and regression checks
Compiling standalone sorting correctness checks
PASS: adaptive sort/sorted C++17 regression checks
PASS: adaptive sort/sorted C++17 regression checks
PASS: adaptive sort/sorted C++17 regression checks
PASS: adaptive sort/sorted C++17 regression checks
Compiling GCC benchmark after all correctness checks passed
Starting serial five-container benchmark
Generating random streams and independent segment-tree oracle: N=1000000 Q=1000000 offline universe=2000000
[build] warmup beginning
  PBDS verified: 398.853 ns/op
  stdSet verified: 180.574 ns/op
  TreeMap verified: 220.427 ns/op
  stdMap verified: 258.396 ns/op
  TreeMapOff verified: 112.282 ns/op
[build] round 1/5 beginning
  stdMap verified: 270.600 ns/op
  stdSet verified: 168.657 ns/op
  TreeMapOff verified: 113.785 ns/op
  PBDS verified: 310.162 ns/op
  TreeMap verified: 227.076 ns/op
[build] round 2/5 beginning
  TreeMap verified: 202.220 ns/op
  TreeMapOff verified: 112.201 ns/op
  PBDS verified: 302.940 ns/op
  stdSet verified: 165.132 ns/op
  stdMap verified: 317.703 ns/op
[build] round 3/5 beginning
  PBDS verified: 308.703 ns/op
  stdSet verified: 177.775 ns/op
  TreeMap verified: 219.872 ns/op
  TreeMapOff verified: 122.999 ns/op
  stdMap verified: 339.764 ns/op
[build] round 4/5 beginning
  TreeMapOff verified: 113.520 ns/op
  stdMap verified: 267.447 ns/op
  TreeMap verified: 204.192 ns/op
  stdSet verified: 159.304 ns/op
  PBDS verified: 321.869 ns/op
[build] round 5/5 beginning
  PBDS verified: 316.177 ns/op
  TreeMapOff verified: 114.431 ns/op
  stdSet verified: 162.455 ns/op
  stdMap verified: 272.612 ns/op
  TreeMap verified: 200.514 ns/op
[containsHit] warmup beginning
  PBDS verified: 360.578 ns/op
  stdSet verified: 538.023 ns/op
  TreeMapOff verified: 83.018 ns/op
  stdMap verified: 349.405 ns/op
  TreeMap verified: 151.996 ns/op
[containsHit] round 1/5 beginning
  TreeMapOff verified: 83.832 ns/op
  TreeMap verified: 185.090 ns/op
  stdMap verified: 409.168 ns/op
  stdSet verified: 352.521 ns/op
  PBDS verified: 378.903 ns/op
[containsHit] round 2/5 beginning
  TreeMapOff verified: 82.386 ns/op
  stdSet verified: 372.848 ns/op
  stdMap verified: 446.029 ns/op
  TreeMap verified: 150.069 ns/op
  PBDS verified: 364.242 ns/op
[containsHit] round 3/5 beginning
  stdMap verified: 375.403 ns/op
  stdSet verified: 340.830 ns/op
  TreeMap verified: 180.011 ns/op
  TreeMapOff verified: 83.255 ns/op
  PBDS verified: 410.405 ns/op
[containsHit] round 4/5 beginning
  TreeMapOff verified: 82.386 ns/op
  TreeMap verified: 149.428 ns/op
  PBDS verified: 402.288 ns/op
  stdMap verified: 351.855 ns/op
  stdSet verified: 438.727 ns/op
[containsHit] round 5/5 beginning
  stdSet verified: 414.208 ns/op
  TreeMapOff verified: 87.434 ns/op
  stdMap verified: 374.109 ns/op
  TreeMap verified: 183.236 ns/op
  PBDS verified: 345.765 ns/op
[containsMiss] warmup beginning
  TreeMapOff verified: 82.672 ns/op
  PBDS verified: 417.191 ns/op
  stdMap verified: 354.503 ns/op
  stdSet verified: 337.730 ns/op
  TreeMap verified: 162.145 ns/op
[containsMiss] round 1/5 beginning
  stdMap verified: 361.185 ns/op
  TreeMapOff verified: 82.945 ns/op
  stdSet verified: 370.124 ns/op
  TreeMap verified: 194.911 ns/op
  PBDS verified: 325.449 ns/op
[containsMiss] round 2/5 beginning
  stdSet verified: 332.168 ns/op
  PBDS verified: 364.977 ns/op
  TreeMap verified: 161.670 ns/op
  stdMap verified: 398.711 ns/op
  TreeMapOff verified: 82.109 ns/op
[containsMiss] round 3/5 beginning
  stdMap verified: 390.260 ns/op
  PBDS verified: 341.512 ns/op
  stdSet verified: 324.598 ns/op
  TreeMapOff verified: 82.171 ns/op
  TreeMap verified: 189.952 ns/op
[containsMiss] round 4/5 beginning
  PBDS verified: 427.051 ns/op
  TreeMap verified: 195.201 ns/op
  stdSet verified: 327.253 ns/op
  stdMap verified: 352.585 ns/op
  TreeMapOff verified: 82.460 ns/op
[containsMiss] round 5/5 beginning
  stdMap verified: 362.527 ns/op
  TreeMapOff verified: 82.426 ns/op
  stdSet verified: 406.877 ns/op
  TreeMap verified: 197.133 ns/op
  PBDS verified: 330.606 ns/op
[erase] warmup beginning
  PBDS verified: 493.250 ns/op
  stdSet verified: 402.657 ns/op
  TreeMap verified: 183.288 ns/op
  TreeMapOff verified: 97.158 ns/op
  stdMap verified: 451.361 ns/op
[erase] round 1/5 beginning
  TreeMap verified: 192.721 ns/op
  stdMap verified: 384.414 ns/op
  TreeMapOff verified: 100.026 ns/op
  stdSet verified: 401.929 ns/op
  PBDS verified: 496.035 ns/op
[erase] round 2/5 beginning
  TreeMapOff verified: 97.678 ns/op
  stdMap verified: 413.881 ns/op
  stdSet verified: 467.330 ns/op
  PBDS verified: 504.742 ns/op
  TreeMap verified: 197.210 ns/op
[erase] round 3/5 beginning
  TreeMap verified: 172.670 ns/op
  stdMap verified: 411.931 ns/op
  stdSet verified: 393.057 ns/op
  PBDS verified: 580.908 ns/op
  TreeMapOff verified: 97.976 ns/op
[erase] round 4/5 beginning
  stdSet verified: 403.121 ns/op
  stdMap verified: 392.084 ns/op
  TreeMapOff verified: 98.864 ns/op
  TreeMap verified: 172.535 ns/op
  PBDS verified: 627.980 ns/op
[erase] round 5/5 beginning
  TreeMapOff verified: 98.425 ns/op
  stdSet verified: 466.537 ns/op
  TreeMap verified: 188.798 ns/op
  PBDS verified: 508.762 ns/op
  stdMap verified: 395.941 ns/op
[updateMixed] warmup beginning
  TreeMap verified: 236.946 ns/op
  stdMap verified: 503.105 ns/op
  TreeMapOff verified: 110.873 ns/op
  PBDS verified: 609.407 ns/op
  stdSet verified: 351.868 ns/op
[updateMixed] round 1/5 beginning
  TreeMap verified: 267.336 ns/op
  stdMap verified: 502.241 ns/op
  stdSet verified: 364.048 ns/op
  TreeMapOff verified: 109.846 ns/op
  PBDS verified: 668.795 ns/op
[updateMixed] round 2/5 beginning
  TreeMapOff verified: 109.528 ns/op
  stdSet verified: 349.397 ns/op
  TreeMap verified: 224.074 ns/op
  PBDS verified: 673.568 ns/op
  stdMap verified: 455.413 ns/op
[updateMixed] round 3/5 beginning
  TreeMapOff verified: 112.032 ns/op
  stdSet verified: 381.591 ns/op
  PBDS verified: 619.630 ns/op
  stdMap verified: 484.978 ns/op
  TreeMap verified: 283.066 ns/op
[updateMixed] round 4/5 beginning
  stdSet verified: 361.649 ns/op
  TreeMapOff verified: 109.688 ns/op
  PBDS verified: 638.000 ns/op
  TreeMap verified: 267.106 ns/op
  stdMap verified: 465.743 ns/op
[updateMixed] round 5/5 beginning
  stdMap verified: 440.809 ns/op
  TreeMapOff verified: 109.572 ns/op
  TreeMap verified: 253.919 ns/op
  stdSet verified: 373.197 ns/op
  PBDS verified: 595.118 ns/op
[iterate] warmup beginning
  TreeMap verified: 7.846 ns/op
  PBDS verified: 63.979 ns/op
  TreeMapOff verified: 1.158 ns/op
  stdSet verified: 66.159 ns/op
  stdMap verified: 63.696 ns/op
[iterate] round 1/5 beginning
  TreeMapOff verified: 1.118 ns/op
  stdSet verified: 64.574 ns/op
  stdMap verified: 68.772 ns/op
  PBDS verified: 64.057 ns/op
  TreeMap verified: 8.671 ns/op
[iterate] round 2/5 beginning
  TreeMapOff verified: 1.133 ns/op
  stdSet verified: 63.009 ns/op
  TreeMap verified: 7.383 ns/op
  PBDS verified: 66.868 ns/op
  stdMap verified: 65.577 ns/op
[iterate] round 3/5 beginning
  stdMap verified: 65.908 ns/op
  stdSet verified: 64.846 ns/op
  TreeMapOff verified: 1.118 ns/op
  TreeMap verified: 7.515 ns/op
  PBDS verified: 65.217 ns/op
[iterate] round 4/5 beginning
  TreeMapOff verified: 1.148 ns/op
  stdMap verified: 66.906 ns/op
  PBDS verified: 64.314 ns/op
  stdSet verified: 65.780 ns/op
  TreeMap verified: 8.112 ns/op
[iterate] round 5/5 beginning
  stdSet verified: 65.420 ns/op
  PBDS verified: 65.150 ns/op
  stdMap verified: 63.205 ns/op
  TreeMap verified: 7.920 ns/op
  TreeMapOff verified: 1.148 ns/op
[rankOf] warmup beginning
  TreeMap verified: 92.302 ns/op
  PBDS verified: 168.078 ns/op
  TreeMapOff verified: 101.547 ns/op
[rankOf] round 1/5 beginning
  TreeMap verified: 96.083 ns/op
  TreeMapOff verified: 102.004 ns/op
  PBDS verified: 189.684 ns/op
[rankOf] round 2/5 beginning
  PBDS verified: 167.151 ns/op
  TreeMapOff verified: 102.548 ns/op
  TreeMap verified: 84.960 ns/op
[rankOf] round 3/5 beginning
  TreeMapOff verified: 102.292 ns/op
  PBDS verified: 159.347 ns/op
  TreeMap verified: 85.523 ns/op
[rankOf] round 4/5 beginning
  TreeMap verified: 85.408 ns/op
  TreeMapOff verified: 102.976 ns/op
  PBDS verified: 216.283 ns/op
[rankOf] round 5/5 beginning
  TreeMapOff verified: 101.514 ns/op
  PBDS verified: 159.820 ns/op
  TreeMap verified: 84.130 ns/op
[keyAt] warmup beginning
  PBDS verified: 365.291 ns/op
  TreeMapOff verified: 48.786 ns/op
  TreeMap verified: 181.521 ns/op
[keyAt] round 1/5 beginning
  TreeMapOff verified: 49.916 ns/op
  TreeMap verified: 240.616 ns/op
  PBDS verified: 573.665 ns/op
[keyAt] round 2/5 beginning
  TreeMap verified: 259.809 ns/op
  TreeMapOff verified: 54.584 ns/op
  PBDS verified: 475.795 ns/op
[keyAt] round 3/5 beginning
  TreeMap verified: 178.115 ns/op
  PBDS verified: 379.091 ns/op
  TreeMapOff verified: 54.025 ns/op
[keyAt] round 4/5 beginning
  TreeMap verified: 208.140 ns/op
  PBDS verified: 358.291 ns/op
  TreeMapOff verified: 53.932 ns/op
[keyAt] round 5/5 beginning
  TreeMapOff verified: 48.628 ns/op
  PBDS verified: 394.494 ns/op
  TreeMap verified: 185.262 ns/op
[orderMixed] warmup beginning
  TreeMap verified: 209.805 ns/op
  PBDS verified: 561.216 ns/op
  TreeMapOff verified: 88.983 ns/op
[orderMixed] round 1/5 beginning
  TreeMap verified: 226.965 ns/op
  TreeMapOff verified: 90.381 ns/op
  PBDS verified: 515.988 ns/op
[orderMixed] round 2/5 beginning
  TreeMap verified: 234.935 ns/op
  PBDS verified: 511.910 ns/op
  TreeMapOff verified: 100.388 ns/op
[orderMixed] round 3/5 beginning
  TreeMapOff verified: 97.037 ns/op
  PBDS verified: 589.398 ns/op
  TreeMap verified: 230.927 ns/op
[orderMixed] round 4/5 beginning
  PBDS verified: 519.280 ns/op
  TreeMap verified: 218.545 ns/op
  TreeMapOff verified: 94.438 ns/op
[orderMixed] round 5/5 beginning
  PBDS verified: 524.315 ns/op
  TreeMapOff verified: 89.977 ns/op
  TreeMap verified: 231.242 ns/op
All warmups and measured runs verified against independent result streams and complete final states.
Ratios are reference median / current median; greater than 1 means current is faster.
Completed: final_results/raw.csv, final_results/summary.csv and final_results/run.log
