build 0 afterOff verified
build 0 afterSbt verified
build 0 beforeSbt verified
build 0 beforeOff verified
build 1 beforeOff verified
build 1 beforeSbt verified
build 1 afterSbt verified
build 1 afterOff verified
build 2 afterOff verified
build 2 beforeOff verified
build 2 beforeSbt verified
build 2 afterSbt verified
build 3 afterOff verified
build 3 beforeOff verified
build 3 beforeSbt verified
build 3 afterSbt verified
build 4 beforeOff verified
build 4 beforeSbt verified
build 4 afterOff verified
build 4 afterSbt verified
build 5 afterSbt verified
build 5 afterOff verified
build 5 beforeOff verified
build 5 beforeSbt verified
updateMixed 0 afterSbt verified
updateMixed 0 afterOff verified
updateMixed 0 beforeSbt verified
updateMixed 0 beforeOff verified
updateMixed 1 beforeOff verified
updateMixed 1 afterSbt verified
updateMixed 1 afterOff verified
updateMixed 1 beforeSbt verified
updateMixed 2 beforeSbt verified
updateMixed 2 beforeOff verified
updateMixed 2 afterSbt verified
updateMixed 2 afterOff verified
updateMixed 3 afterOff verified
updateMixed 3 beforeOff verified
updateMixed 3 beforeSbt verified
updateMixed 3 afterSbt verified
updateMixed 4 beforeOff verified
updateMixed 4 afterSbt verified
updateMixed 4 beforeSbt verified
updateMixed 4 afterOff verified
updateMixed 5 afterSbt verified
updateMixed 5 afterOff verified
updateMixed 5 beforeSbt verified
updateMixed 5 beforeOff verified
