build 0 afterOff verified
build 0 afterSbt verified
build 0 beforeSbt verified
build 0 beforeOff verified
build 1 beforeOff verified
build 1 beforeSbt verified
build 1 afterSbt verified
build 1 afterOff verified
build 2 afterOff verified
build 2 beforeOff verified
build 2 beforeSbt verified
build 2 afterSbt verified
build 3 afterOff verified
build 3 beforeOff verified
build 3 beforeSbt verified
build 3 afterSbt verified
build 4 beforeOff verified
build 4 beforeSbt verified
build 4 afterOff verified
build 4 afterSbt verified
build 5 afterSbt verified
build 5 afterOff verified
build 5 beforeOff verified
build 5 beforeSbt verified
build 6 afterSbt verified
build 6 afterOff verified
build 6 beforeSbt verified
build 6 beforeOff verified
build 7 beforeOff verified
build 7 afterSbt verified
build 7 afterOff verified
build 7 beforeSbt verified
containsHit 0 beforeSbt verified
containsHit 0 beforeOff verified
containsHit 0 afterSbt verified
containsHit 0 afterOff verified
containsHit 1 afterOff verified
containsHit 1 beforeOff verified
containsHit 1 beforeSbt verified
containsHit 1 afterSbt verified
containsHit 2 beforeOff verified
containsHit 2 afterSbt verified
containsHit 2 beforeSbt verified
containsHit 2 afterOff verified
containsHit 3 afterSbt verified
containsHit 3 afterOff verified
containsHit 3 beforeSbt verified
containsHit 3 beforeOff verified
containsHit 4 beforeSbt verified
containsHit 4 beforeOff verified
containsHit 4 afterOff verified
containsHit 4 afterSbt verified
containsHit 5 afterSbt verified
containsHit 5 afterOff verified
containsHit 5 beforeSbt verified
containsHit 5 beforeOff verified
containsHit 6 beforeOff verified
containsHit 6 beforeSbt verified
containsHit 6 afterSbt verified
containsHit 6 afterOff verified
containsHit 7 beforeOff verified
containsHit 7 afterOff verified
containsHit 7 afterSbt verified
containsHit 7 beforeSbt verified
updateMixed 0 beforeSbt verified
updateMixed 0 afterOff verified
updateMixed 0 beforeOff verified
updateMixed 0 afterSbt verified
updateMixed 1 beforeSbt verified
updateMixed 1 afterOff verified
updateMixed 1 beforeOff verified
updateMixed 1 afterSbt verified
updateMixed 2 beforeOff verified
updateMixed 2 afterOff verified
updateMixed 2 afterSbt verified
updateMixed 2 beforeSbt verified
updateMixed 3 beforeSbt verified
updateMixed 3 afterSbt verified
updateMixed 3 beforeOff verified
updateMixed 3 afterOff verified
updateMixed 4 beforeSbt verified
updateMixed 4 afterOff verified
updateMixed 4 afterSbt verified
updateMixed 4 beforeOff verified
updateMixed 5 beforeOff verified
updateMixed 5 afterSbt verified
updateMixed 5 afterOff verified
updateMixed 5 beforeSbt verified
updateMixed 6 afterSbt verified
updateMixed 6 beforeOff verified
updateMixed 6 afterOff verified
updateMixed 6 beforeSbt verified
updateMixed 7 afterSbt verified
updateMixed 7 afterOff verified
updateMixed 7 beforeSbt verified
updateMixed 7 beforeOff verified
orderMixed 0 beforeOff verified
orderMixed 0 afterSbt verified
orderMixed 0 afterOff verified
orderMixed 0 beforeSbt verified
orderMixed 1 afterSbt verified
orderMixed 1 beforeSbt verified
orderMixed 1 afterOff verified
orderMixed 1 beforeOff verified
orderMixed 2 beforeOff verified
orderMixed 2 afterSbt verified
orderMixed 2 afterOff verified
orderMixed 2 beforeSbt verified
orderMixed 3 afterSbt verified
orderMixed 3 beforeOff verified
orderMixed 3 afterOff verified
orderMixed 3 beforeSbt verified
orderMixed 4 afterOff verified
orderMixed 4 beforeSbt verified
orderMixed 4 afterSbt verified
orderMixed 4 beforeOff verified
orderMixed 5 beforeSbt verified
orderMixed 5 afterSbt verified
orderMixed 5 beforeOff verified
orderMixed 5 afterOff verified
orderMixed 6 afterSbt verified
orderMixed 6 afterOff verified
orderMixed 6 beforeSbt verified
orderMixed 6 beforeOff verified
orderMixed 7 beforeSbt verified
orderMixed 7 beforeOff verified
orderMixed 7 afterOff verified
orderMixed 7 afterSbt verified
